Point 0 : {0, 0}
   out_000       -nan
   out_001        inf
   out_002          0
   out_003          1
   out_004          1
   out_005          0
   out_006          0
   out_007     1.5708
   out_008          0
Point 1 : {1, 0}
   out_000        inf
   out_001        inf
   out_002        0.2
   out_003          1
   out_004          1
   out_005          1
   out_006     1.5708
   out_007     1.5708
   out_008   0.197396
Point 2 : {0, -5}
   out_000         -0
   out_001         -1
   out_002          0
   out_003        inf
   out_004    0.00032
   out_005          0
   out_006    3.14159
   out_007    2.35619
   out_008          0
Point 3 : {-1, 0.5}
   out_000         -2
   out_001         10
   out_002       -0.2
   out_003       -nan
   out_004    2.23607
   out_005         -1
   out_006   -1.10715
   out_007    1.47113
   out_008  -0.197396
