Point 0 : {1.5708}
   out_000 1.63312e+16
   out_001   0.451583
   out_002    0.19612
   out_003    1.25331
   out_004       -nan
   out_005        nan
   out_006        nan
Point 1 : {0}
   out_000          0
   out_001       -inf
   out_002       -inf
   out_003          0
   out_004          0
   out_005          0
   out_006     1.5708
Point 2 : {1}
   out_000    1.55741
   out_001          0
   out_002          0
   out_003          1
   out_004        inf
   out_005     1.5708
   out_006          0
Point 3 : {-1}
   out_000   -1.55741
   out_001       -nan
   out_002        nan
   out_003       -nan
   out_004       -inf
   out_005    -1.5708
   out_006    3.14159
Point 4 : {2}
   out_000   -2.18504
   out_001   0.693147
   out_002    0.30103
   out_003    1.41421
   out_004       -nan
   out_005        nan
   out_006        nan
Point 5 : {-2}
   out_000    2.18504
   out_001       -nan
   out_002        nan
   out_003       -nan
   out_004       -nan
   out_005        nan
   out_006        nan
