Point 0 : {1, 0.5}
   out_000     294912
   out_001      767.5
