Point 0 : {1}
   out_000     in_000
    in_000          0

