Test deriv2ndOrder/preaccumulation/TestPreaccumulationPassiveValue: updating --
