Test deriv2ndOrder/preaccumulation/TestPreaccumulationZeroJacobi: updating --
