Point 0 : {1, 0.5}
   out_000     in_000     in_001
    in_000          0          0
    in_001          0          0

   out_001     in_000     in_001
    in_000          0          0
    in_001          0          0

