Point 0 : {1, 0.5}
               in_000     in_001
   out_000        101        102
   out_001        201          0
   out_002        301          0
   out_003        401          0
   out_004        501          0
   out_005          0          0
   out_006        701        702
   out_007        701        702
