Point 0 : {0.5}
               in_000
   out_000       4.25
