Point 0 : {1, 0.5}
0 0 294528
0 1 767
1 0 768
1 1 1
