Point 0 : {1, 2}
   out_000     in_000     in_001
    in_000       5.44          0
    in_001          0          0

