Point 0 : {1.5708}
0 0 2.66709e+32
0 1 0.63662
0 2 0.27648
0 3 0.398942
0 4 -0.681477
0 5 0
0 6 0
Point 1 : {0}
0 0 1
0 1 0
0 2 0
0 3 0
0 4 1
0 5 1
0 6 -1
Point 2 : {1}
0 0 3.42552
0 1 1
0 2 0.434294
0 3 0.5
0 4 0
0 5 0
0 6 0
Point 3 : {-1}
0 0 3.42552
0 1 -1
0 2 -0.434294
0 3 0
0 4 0
0 5 0
0 6 0
Point 4 : {2}
0 0 5.7744
0 1 0.5
0 2 0.217147
0 3 0.353553
0 4 -0.333333
0 5 0
0 6 0
Point 5 : {-2}
0 0 5.7744
0 1 -0.5
0 2 -0.217147
0 3 0
0 4 -0.333333
0 5 0
0 6 0
