Point 0 : {-10.000000, -10.000000}
   out_000   -3.34231
   out_001  -0.784148
   out_002  -0.784148
   out_003   -3.34231
   out_004    2.35494
   out_005    3.34231
   out_006    1.43912
   out_007   -3.47434
Point 1 : {-10.000000, -5.000000}
   out_000   -3.10851
   out_001  -0.462053
   out_002   -1.10554
   out_003   -3.10611
   out_004    2.67634
   out_005    3.10611
   out_006   0.768225
   out_007   -3.25425
Point 2 : {-10.000000, 0.000000}
   out_000   -2.99822
   out_001          0
   out_002    -1.5708
   out_003    2.99322
   out_004    3.14159
   out_005   -2.99322
   out_006          0
   out_007    3.16228
Point 3 : {-10.000000, 5.000000}
   out_000   -3.10851
   out_001   0.462053
   out_002   -1.10554
   out_003    3.10611
   out_004    2.67634
   out_005   -3.10611
   out_006   0.768225
   out_007    3.25425
Point 4 : {-10.000000, 10.000000}
   out_000   -3.34231
   out_001   0.784148
   out_002  -0.784148
   out_003    3.34231
   out_004    2.35494
   out_005   -3.34231
   out_006    1.43912
   out_007    3.47434
Point 5 : {-5.000000, -10.000000}
   out_000   -3.10611
   out_001   -1.10554
   out_002  -0.462053
   out_003   -3.10851
   out_004    2.03285
   out_005    3.10851
   out_006    1.75789
   out_007   -2.84432
Point 6 : {-5.000000, -5.000000}
   out_000    -2.6492
   out_001  -0.780399
   out_002  -0.780399
   out_003    -2.6492
   out_004    2.35119
   out_005     2.6492
   out_006    1.01761
   out_007   -2.45673
Point 7 : {-5.000000, 0.000000}
   out_000   -2.31244
   out_001          0
   out_002    -1.5708
   out_003    2.29243
   out_004    3.14159
   out_005   -2.29243
   out_006          0
   out_007    2.23607
Point 8 : {-5.000000, 5.000000}
   out_000    -2.6492
   out_001   0.780399
   out_002  -0.780399
   out_003     2.6492
   out_004    2.35119
   out_005    -2.6492
   out_006    1.01761
   out_007    2.45673
Point 9 : {-5.000000, 10.000000}
   out_000   -3.10611
   out_001    1.10554
   out_002  -0.462053
   out_003    3.10851
   out_004    2.03285
   out_005   -3.10851
   out_006    1.75789
   out_007    2.84432
Point 10 : {5.000000, -10.000000}
   out_000    3.10611
   out_001   -1.10554
   out_002   0.462053
   out_003   -3.10851
   out_004    1.10874
   out_005    3.10851
   out_006    2.84432
   out_007   -1.75789
Point 11 : {5.000000, -5.000000}
   out_000     2.6492
   out_001  -0.780399
   out_002   0.780399
   out_003    -2.6492
   out_004   0.790398
   out_005     2.6492
   out_006    2.45673
   out_007   -1.01761
Point 12 : {5.000000, 5.000000}
   out_000     2.6492
   out_001   0.780399
   out_002   0.780399
   out_003     2.6492
   out_004   0.790398
   out_005    -2.6492
   out_006    2.45673
   out_007    1.01761
Point 13 : {5.000000, 10.000000}
   out_000    3.10611
   out_001    1.10554
   out_002   0.462053
   out_003    3.10851
   out_004    1.10874
   out_005   -3.10851
   out_006    2.84432
   out_007    1.75789
Point 14 : {10.000000, -10.000000}
   out_000    3.34231
   out_001  -0.784148
   out_002   0.784148
   out_003   -3.34231
   out_004   0.786648
   out_005    3.34231
   out_006    3.47434
   out_007   -1.43912
Point 15 : {10.000000, -5.000000}
   out_000    3.10851
   out_001  -0.462053
   out_002    1.10554
   out_003   -3.10611
   out_004   0.465253
   out_005    3.10611
   out_006    3.25425
   out_007  -0.768225
Point 16 : {10.000000, 5.000000}
   out_000    3.10851
   out_001   0.462053
   out_002    1.10554
   out_003    3.10611
   out_004   0.465253
   out_005   -3.10611
   out_006    3.25425
   out_007   0.768225
Point 17 : {10.000000, 10.000000}
   out_000    3.34231
   out_001   0.784148
   out_002   0.784148
   out_003    3.34231
   out_004   0.786648
   out_005   -3.34231
   out_006    3.47434
   out_007    1.43912
Point 18 : {0.000000, 0.000000}
   out_000          0
   out_001          0
   out_002          0
   out_003         -0
   out_004     1.5708
   out_005          0
   out_006          0
   out_007          0
Point 19 : {0.000000, 0.000000}
   out_000          0
   out_001          0
   out_002          0
   out_003         -0
   out_004     1.5708
   out_005          0
   out_006          0
   out_007          0
Point 20 : {0.000000, 0.000000}
   out_000          0
   out_001          0
   out_002          0
   out_003         -0
   out_004     1.5708
   out_005          0
   out_006          0
   out_007          0
Point 21 : {0.000000, 0.000000}
   out_000          0
   out_001          0
   out_002          0
   out_003         -0
   out_004     1.5708
   out_005          0
   out_006          0
   out_007          0
Point 22 : {0.000000, 0.000000}
   out_000          0
   out_001          0
   out_002          0
   out_003         -0
   out_004     1.5708
   out_005          0
   out_006          0
   out_007          0
Point 23 : {0.000000, 0.000000}
   out_000          0
   out_001          0
   out_002          0
   out_003         -0
   out_004     1.5708
   out_005          0
   out_006          0
   out_007          0
Point 24 : {0.000000, 0.000000}
   out_000          0
   out_001          0
   out_002          0
   out_003         -0
   out_004     1.5708
   out_005          0
   out_006          0
   out_007          0
