Point 0 : {-10.000000, 5.000000}
   out_000        -10
   out_001          5
