Point 0 : {1.000000, 2.000000, 4.000000, 20.000000, 10.000000}
   out_000         15
   out_001        2.5
