Point 0 : {1.000000, 2.000000}
   out_000          3
   out_001          3
   out_002          3
   out_003          3
