Point 0 : {1.000000, 2.000000}
   out_000          3
