Point 0 : {-10.000000, 5.000000, -2.500000, 1.250000}
   out_000      18.75
   out_001        -25
