Point 0 : {1.000000, 0.500000}
   out_000     294912
   out_001      767.5
