Point 0 : {1.000000, 0.500000}
   out_000      3.125
   out_001          0
   out_002    2.44141
   out_003          1
