Point 0 : {-10.000000, -10.000000}
               in_000     in_001
   out_000  0.0501245  0.0498745
   out_001 -0.0498745  0.0501245
   out_002  0.0501245 -0.0498745
   out_003  0.0498745  0.0501245
   out_004 -0.0501245  0.0498745
   out_005 -0.0498745 -0.0501245
   out_006  0.0508806  -0.122837
   out_007   0.122837  0.0508806
Point 1 : {-10.000000, -5.000000}
               in_000     in_001
   out_000  0.0799346  0.0396496
   out_001 -0.0396496  0.0799346
   out_002  0.0403536 -0.0800625
   out_003  0.0800625  0.0403536
   out_004 -0.0403536  0.0800625
   out_005 -0.0800625 -0.0403536
   out_006  0.0343561  -0.145535
   out_007   0.145535  0.0343561
Point 2 : {-10.000000, 0.000000}
               in_000     in_001
   out_000  0.0995037          0
   out_001          0  0.0995037
   out_002          0   0.100504
   out_003  -0.100504          0
   out_004          0  -0.100504
   out_005   0.100504          0
   out_006          0   0.158114
   out_007  -0.158114          0
Point 3 : {-10.000000, 5.000000}
               in_000     in_001
   out_000  0.0799346 -0.0396496
   out_001  0.0396496  0.0799346
   out_002  0.0403536  0.0800625
   out_003 -0.0800625  0.0403536
   out_004 -0.0403536 -0.0800625
   out_005  0.0800625 -0.0403536
   out_006  0.0343561   0.145535
   out_007  -0.145535  0.0343561
Point 4 : {-10.000000, 10.000000}
               in_000     in_001
   out_000  0.0501245 -0.0498745
   out_001  0.0498745  0.0501245
   out_002  0.0501245  0.0498745
   out_003 -0.0498745  0.0501245
   out_004 -0.0501245 -0.0498745
   out_005  0.0498745 -0.0501245
   out_006  0.0508806   0.122837
   out_007  -0.122837  0.0508806
Point 5 : {-5.000000, -10.000000}
               in_000     in_001
   out_000  0.0403536  0.0800625
   out_001 -0.0800625  0.0403536
   out_002  0.0799346 -0.0396496
   out_003  0.0396496  0.0799346
   out_004 -0.0799346  0.0396496
   out_005 -0.0396496 -0.0799346
   out_006  0.0786151  -0.127202
   out_007   0.127202  0.0786151
Point 6 : {-5.000000, -5.000000}
               in_000     in_001
   out_000   0.100985  0.0989853
   out_001 -0.0989853   0.100985
   out_002   0.100985 -0.0989853
   out_003  0.0989853   0.100985
   out_004  -0.100985  0.0989853
   out_005 -0.0989853  -0.100985
   out_006   0.071956  -0.173717
   out_007   0.173717   0.071956
Point 7 : {-5.000000, 0.000000}
               in_000     in_001
   out_000   0.196116          0
   out_001          0   0.196116
   out_002          0   0.204124
   out_003  -0.204124          0
   out_004          0  -0.204124
   out_005   0.204124          0
   out_006          0   0.223607
   out_007  -0.223607          0
Point 8 : {-5.000000, 5.000000}
               in_000     in_001
   out_000   0.100985 -0.0989853
   out_001  0.0989853   0.100985
   out_002   0.100985  0.0989853
   out_003 -0.0989853   0.100985
   out_004  -0.100985 -0.0989853
   out_005  0.0989853  -0.100985
   out_006   0.071956   0.173717
   out_007  -0.173717   0.071956
Point 9 : {-5.000000, 10.000000}
               in_000     in_001
   out_000  0.0403536 -0.0800625
   out_001  0.0800625  0.0403536
   out_002  0.0799346  0.0396496
   out_003 -0.0396496  0.0799346
   out_004 -0.0799346 -0.0396496
   out_005  0.0396496 -0.0799346
   out_006  0.0786151   0.127202
   out_007  -0.127202  0.0786151
Point 10 : {5.000000, -10.000000}
               in_000     in_001
   out_000  0.0403536 -0.0800625
   out_001  0.0800625  0.0403536
   out_002  0.0799346  0.0396496
   out_003 -0.0396496  0.0799346
   out_004 -0.0799346 -0.0396496
   out_005  0.0396496 -0.0799346
   out_006   0.127202 -0.0786151
   out_007  0.0786151   0.127202
Point 11 : {5.000000, -5.000000}
               in_000     in_001
   out_000   0.100985 -0.0989853
   out_001  0.0989853   0.100985
   out_002   0.100985  0.0989853
   out_003 -0.0989853   0.100985
   out_004  -0.100985 -0.0989853
   out_005  0.0989853  -0.100985
   out_006   0.173717  -0.071956
   out_007   0.071956   0.173717
Point 12 : {5.000000, 5.000000}
               in_000     in_001
   out_000   0.100985  0.0989853
   out_001 -0.0989853   0.100985
   out_002   0.100985 -0.0989853
   out_003  0.0989853   0.100985
   out_004  -0.100985  0.0989853
   out_005 -0.0989853  -0.100985
   out_006   0.173717   0.071956
   out_007  -0.071956   0.173717
Point 13 : {5.000000, 10.000000}
               in_000     in_001
   out_000  0.0403536  0.0800625
   out_001 -0.0800625  0.0403536
   out_002  0.0799346 -0.0396496
   out_003  0.0396496  0.0799346
   out_004 -0.0799346  0.0396496
   out_005 -0.0396496 -0.0799346
   out_006   0.127202  0.0786151
   out_007 -0.0786151   0.127202
Point 14 : {10.000000, -10.000000}
               in_000     in_001
   out_000  0.0501245 -0.0498745
   out_001  0.0498745  0.0501245
   out_002  0.0501245  0.0498745
   out_003 -0.0498745  0.0501245
   out_004 -0.0501245 -0.0498745
   out_005  0.0498745 -0.0501245
   out_006   0.122837 -0.0508806
   out_007  0.0508806   0.122837
Point 15 : {10.000000, -5.000000}
               in_000     in_001
   out_000  0.0799346 -0.0396496
   out_001  0.0396496  0.0799346
   out_002  0.0403536  0.0800625
   out_003 -0.0800625  0.0403536
   out_004 -0.0403536 -0.0800625
   out_005  0.0800625 -0.0403536
   out_006   0.145535 -0.0343561
   out_007  0.0343561   0.145535
Point 16 : {10.000000, 5.000000}
               in_000     in_001
   out_000  0.0799346  0.0396496
   out_001 -0.0396496  0.0799346
   out_002  0.0403536 -0.0800625
   out_003  0.0800625  0.0403536
   out_004 -0.0403536  0.0800625
   out_005 -0.0800625 -0.0403536
   out_006   0.145535  0.0343561
   out_007 -0.0343561   0.145535
Point 17 : {10.000000, 10.000000}
               in_000     in_001
   out_000  0.0501245  0.0498745
   out_001 -0.0498745  0.0501245
   out_002  0.0501245 -0.0498745
   out_003  0.0498745  0.0501245
   out_004 -0.0501245  0.0498745
   out_005 -0.0498745 -0.0501245
   out_006   0.122837  0.0508806
   out_007 -0.0508806   0.122837
Point 18 : {0.000000, 0.000000}
               in_000     in_001
   out_000          1          0
   out_001          0          1
   out_002          1          0
   out_003          0          1
   out_004         -1          0
   out_005          0         -1
   out_006          0          0
   out_007          0          0
Point 19 : {0.000000, 0.000000}
               in_000     in_001
   out_000          1          0
   out_001          0          1
   out_002          1          0
   out_003          0          1
   out_004         -1          0
   out_005          0         -1
   out_006          0          0
   out_007          0          0
Point 20 : {0.000000, 0.000000}
               in_000     in_001
   out_000          1          0
   out_001          0          1
   out_002          1          0
   out_003          0          1
   out_004         -1          0
   out_005          0         -1
   out_006          0          0
   out_007          0          0
Point 21 : {0.000000, 0.000000}
               in_000     in_001
   out_000          1          0
   out_001          0          1
   out_002          1          0
   out_003          0          1
   out_004         -1          0
   out_005          0         -1
   out_006          0          0
   out_007          0          0
Point 22 : {0.000000, 0.000000}
               in_000     in_001
   out_000          1          0
   out_001          0          1
   out_002          1          0
   out_003          0          1
   out_004         -1          0
   out_005          0         -1
   out_006          0          0
   out_007          0          0
Point 23 : {0.000000, 0.000000}
               in_000     in_001
   out_000          1          0
   out_001          0          1
   out_002          1          0
   out_003          0          1
   out_004         -1          0
   out_005          0         -1
   out_006          0          0
   out_007          0          0
Point 24 : {0.000000, 0.000000}
               in_000     in_001
   out_000          1          0
   out_001          0          1
   out_002          1          0
   out_003          0          1
   out_004         -1          0
   out_005          0         -1
   out_006          0          0
   out_007          0          0
