Point 0 : {1.000000, 2.000000}
               in_000     in_001
   out_000          0          0
   out_001          0          0
   out_002          0          0
   out_003          0          0
