Point 0 : {2.000000, 3.000000}
               in_000     in_001
   out_000      26244      69984
