Point 0 : {1.000000}
               in_000
   out_000          1
