Point 0 : {1.000000, 0.500000}
               in_000     in_001
   out_000          0          0
   out_001          0          0
   out_002          2          0
   out_003          0          1
