Point 0 : {1.000000, 0.500000}
               in_000     in_001
   out_000    1.56437    1.13131
