Point 0 : {-10.000000, -10.000000}
               in_000     in_001
   out_000       -0.1        0.1
   out_001          0      -0.05
   out_002        0.2          0
   out_003      -0.05       0.05
   out_004          0      -0.04
   out_005       0.04          0
   out_006          1         -1
   out_007          0          1
   out_008          1          0
   out_009  -0.707107  -0.707107
   out_010          0  -0.894427
   out_011  -0.894427          0
Point 1 : {-10.000000, -5.000000}
               in_000     in_001
   out_000       -0.2        0.4
   out_001          0       -0.2
   out_002        0.2          0
   out_003      -0.04       0.08
   out_004          0       -0.1
   out_005       0.04          0
   out_006          1         -2
   out_007          0          1
   out_008          1          0
   out_009  -0.894427  -0.447214
   out_010          0  -0.707107
   out_011  -0.894427          0
Point 2 : {-10.000000, 5.000000}
               in_000     in_001
   out_000        0.2        0.4
   out_001          0       -0.2
   out_002        0.2          0
   out_003       0.04       0.08
   out_004          0       -0.1
   out_005       0.04          0
   out_006          1          2
   out_007          0         -1
   out_008          1          0
   out_009  -0.894427   0.447214
   out_010          0   0.707107
   out_011  -0.894427          0
Point 3 : {-10.000000, 10.000000}
               in_000     in_001
   out_000        0.1        0.1
   out_001          0      -0.05
   out_002        0.2          0
   out_003       0.05       0.05
   out_004          0      -0.04
   out_005       0.04          0
   out_006          1          1
   out_007          0         -1
   out_008          1          0
   out_009  -0.707107   0.707107
   out_010          0   0.894427
   out_011  -0.894427          0
Point 4 : {-5.000000, -10.000000}
               in_000     in_001
   out_000       -0.1       0.05
   out_001          0      -0.05
   out_002        0.2          0
   out_003      -0.08       0.04
   out_004          0      -0.04
   out_005        0.1          0
   out_006          1         -1
   out_007          0          1
   out_008          1          0
   out_009  -0.447214  -0.894427
   out_010          0  -0.894427
   out_011  -0.707107          0
Point 5 : {-5.000000, -5.000000}
               in_000     in_001
   out_000       -0.2        0.2
   out_001          0       -0.2
   out_002        0.2          0
   out_003       -0.1        0.1
   out_004          0       -0.1
   out_005        0.1          0
   out_006          1         -1
   out_007          0          1
   out_008          1          0
   out_009  -0.707107  -0.707107
   out_010          0  -0.707107
   out_011  -0.707107          0
Point 6 : {-5.000000, 5.000000}
               in_000     in_001
   out_000        0.2        0.2
   out_001          0       -0.2
   out_002        0.2          0
   out_003        0.1        0.1
   out_004          0       -0.1
   out_005        0.1          0
   out_006          1          1
   out_007          0         -1
   out_008          1          0
   out_009  -0.707107   0.707107
   out_010          0   0.707107
   out_011  -0.707107          0
Point 7 : {-5.000000, 10.000000}
               in_000     in_001
   out_000        0.1       0.05
   out_001          0      -0.05
   out_002        0.2          0
   out_003       0.08       0.04
   out_004          0      -0.04
   out_005        0.1          0
   out_006          1          1
   out_007          0         -1
   out_008          1          0
   out_009  -0.447214   0.894427
   out_010          0   0.894427
   out_011  -0.707107          0
Point 8 : {0.000000, 5.000000}
               in_000     in_001
   out_000        0.2          0
   out_001          0       -0.2
   out_002        0.2          0
   out_003        0.2          0
   out_004          0       -0.1
   out_005        0.2          0
   out_006          1          0
   out_007          0         -1
   out_008          1          0
   out_009          0          1
   out_010          0   0.707107
   out_011          0          0
Point 9 : {0.000000, 10.000000}
               in_000     in_001
   out_000        0.1          0
   out_001          0      -0.05
   out_002        0.2          0
   out_003        0.1          0
   out_004          0      -0.04
   out_005        0.2          0
   out_006          1          0
   out_007          0         -1
   out_008          1          0
   out_009          0          1
   out_010          0   0.894427
   out_011          0          0
Point 10 : {5.000000, -10.000000}
               in_000     in_001
   out_000       -0.1      -0.05
   out_001          0      -0.05
   out_002        0.2          0
   out_003      -0.08      -0.04
   out_004          0      -0.04
   out_005        0.1          0
   out_006          1          1
   out_007          0          1
   out_008          1          0
   out_009   0.447214  -0.894427
   out_010          0  -0.894427
   out_011   0.707107          0
Point 11 : {5.000000, -5.000000}
               in_000     in_001
   out_000       -0.2       -0.2
   out_001          0       -0.2
   out_002        0.2          0
   out_003       -0.1       -0.1
   out_004          0       -0.1
   out_005        0.1          0
   out_006          1          1
   out_007          0          1
   out_008          1          0
   out_009   0.707107  -0.707107
   out_010          0  -0.707107
   out_011   0.707107          0
Point 12 : {5.000000, 5.000000}
               in_000     in_001
   out_000        0.2       -0.2
   out_001          0       -0.2
   out_002        0.2          0
   out_003        0.1       -0.1
   out_004          0       -0.1
   out_005        0.1          0
   out_006          1         -1
   out_007          0         -1
   out_008          1          0
   out_009   0.707107   0.707107
   out_010          0   0.707107
   out_011   0.707107          0
Point 13 : {5.000000, 10.000000}
               in_000     in_001
   out_000        0.1      -0.05
   out_001          0      -0.05
   out_002        0.2          0
   out_003       0.08      -0.04
   out_004          0      -0.04
   out_005        0.1          0
   out_006          1         -1
   out_007          0         -1
   out_008          1          0
   out_009   0.447214   0.894427
   out_010          0   0.894427
   out_011   0.707107          0
Point 14 : {10.000000, -10.000000}
               in_000     in_001
   out_000       -0.1       -0.1
   out_001          0      -0.05
   out_002        0.2          0
   out_003      -0.05      -0.05
   out_004          0      -0.04
   out_005       0.04          0
   out_006          1          1
   out_007          0          1
   out_008          1          0
   out_009   0.707107  -0.707107
   out_010          0  -0.894427
   out_011   0.894427          0
Point 15 : {10.000000, -5.000000}
               in_000     in_001
   out_000       -0.2       -0.4
   out_001          0       -0.2
   out_002        0.2          0
   out_003      -0.04      -0.08
   out_004          0       -0.1
   out_005       0.04          0
   out_006          1          2
   out_007          0          1
   out_008          1          0
   out_009   0.894427  -0.447214
   out_010          0  -0.707107
   out_011   0.894427          0
Point 16 : {10.000000, 5.000000}
               in_000     in_001
   out_000        0.2       -0.4
   out_001          0       -0.2
   out_002        0.2          0
   out_003       0.04      -0.08
   out_004          0       -0.1
   out_005       0.04          0
   out_006          1         -2
   out_007          0         -1
   out_008          1          0
   out_009   0.894427   0.447214
   out_010          0   0.707107
   out_011   0.894427          0
Point 17 : {10.000000, 10.000000}
               in_000     in_001
   out_000        0.1       -0.1
   out_001          0      -0.05
   out_002        0.2          0
   out_003       0.05      -0.05
   out_004          0      -0.04
   out_005       0.04          0
   out_006          1         -1
   out_007          0         -1
   out_008          1          0
   out_009   0.707107   0.707107
   out_010          0   0.894427
   out_011   0.894427          0
