Point 0 : {-0.95}
   out_000   -1.83178
   out_001   -1.25324
   out_002    2.82403
Point 1 : {-0.9}
   out_000   -1.47222
   out_001   -1.11977
   out_002    2.69057
Point 2 : {-0.85}
   out_000   -1.25615
   out_001   -1.01599
   out_002    2.58678
Point 3 : {-0.8}
   out_000   -1.09861
   out_001  -0.927295
   out_002    2.49809
Point 4 : {-0.75}
   out_000  -0.972955
   out_001  -0.848062
   out_002    2.41886
Point 5 : {-0.7}
   out_000  -0.867301
   out_001  -0.775397
   out_002    2.34619
Point 6 : {-0.65}
   out_000  -0.775299
   out_001  -0.707584
   out_002    2.27838
Point 7 : {-0.6}
   out_000  -0.693147
   out_001  -0.643501
   out_002     2.2143
Point 8 : {-0.55}
   out_000  -0.618381
   out_001  -0.582364
   out_002    2.15316
Point 9 : {-0.5}
   out_000  -0.549306
   out_001  -0.523599
   out_002     2.0944
Point 10 : {-0.45}
   out_000    -0.4847
   out_001  -0.466765
   out_002    2.03756
Point 11 : {-0.4}
   out_000  -0.423649
   out_001  -0.411517
   out_002    1.98231
Point 12 : {-0.35}
   out_000  -0.365444
   out_001  -0.357571
   out_002    1.92837
Point 13 : {-0.3}
   out_000   -0.30952
   out_001  -0.304693
   out_002    1.87549
Point 14 : {-0.25}
   out_000  -0.255413
   out_001   -0.25268
   out_002    1.82348
Point 15 : {-0.2}
   out_000  -0.202733
   out_001  -0.201358
   out_002    1.77215
Point 16 : {-0.15}
   out_000   -0.15114
   out_001  -0.150568
   out_002    1.72136
Point 17 : {-0.1}
   out_000  -0.100335
   out_001  -0.100167
   out_002    1.67096
Point 18 : {-0.05}
   out_000 -0.0500417
   out_001 -0.0500209
   out_002    1.62082
Point 19 : {0}
   out_000          0
   out_001          0
   out_002     1.5708
Point 20 : {0.05}
   out_000  0.0500417
   out_001  0.0500209
   out_002    1.52078
Point 21 : {0.1}
   out_000   0.100335
   out_001   0.100167
   out_002    1.47063
Point 22 : {0.15}
   out_000    0.15114
   out_001   0.150568
   out_002    1.42023
Point 23 : {0.2}
   out_000   0.202733
   out_001   0.201358
   out_002    1.36944
Point 24 : {0.25}
   out_000   0.255413
   out_001    0.25268
   out_002    1.31812
Point 25 : {0.3}
   out_000    0.30952
   out_001   0.304693
   out_002     1.2661
Point 26 : {0.35}
   out_000   0.365444
   out_001   0.357571
   out_002    1.21323
Point 27 : {0.4}
   out_000   0.423649
   out_001   0.411517
   out_002    1.15928
Point 28 : {0.45}
   out_000     0.4847
   out_001   0.466765
   out_002    1.10403
Point 29 : {0.5}
   out_000   0.549306
   out_001   0.523599
   out_002     1.0472
Point 30 : {0.55}
   out_000   0.618381
   out_001   0.582364
   out_002   0.988432
Point 31 : {0.6}
   out_000   0.693147
   out_001   0.643501
   out_002   0.927295
Point 32 : {0.65}
   out_000   0.775299
   out_001   0.707584
   out_002   0.863212
Point 33 : {0.7}
   out_000   0.867301
   out_001   0.775397
   out_002   0.795399
Point 34 : {0.75}
   out_000   0.972955
   out_001   0.848062
   out_002   0.722734
Point 35 : {0.8}
   out_000    1.09861
   out_001   0.927295
   out_002   0.643501
Point 36 : {0.85}
   out_000    1.25615
   out_001    1.01599
   out_002   0.554811
Point 37 : {0.9}
   out_000    1.47222
   out_001    1.11977
   out_002   0.451027
Point 38 : {0.95}
   out_000    1.83178
   out_001    1.25324
   out_002    0.31756
