Point 0 : {-10, -10}
   out_000          1
   out_001       -0.5
   out_002         -2
Point 1 : {-10, -5}
   out_000          2
   out_001         -1
   out_002         -2
Point 2 : {-10, 5}
   out_000         -2
   out_001          1
   out_002         -2
Point 3 : {-10, 10}
   out_000         -1
   out_001        0.5
   out_002         -2
Point 4 : {-5, -10}
   out_000        0.5
   out_001       -0.5
   out_002         -1
Point 5 : {-5, -5}
   out_000          1
   out_001         -1
   out_002         -1
Point 6 : {-5, 5}
   out_000         -1
   out_001          1
   out_002         -1
Point 7 : {-5, 10}
   out_000       -0.5
   out_001        0.5
   out_002         -1
Point 8 : {0, 5}
   out_000          0
   out_001          1
   out_002          0
Point 9 : {0, 10}
   out_000          0
   out_001        0.5
   out_002          0
Point 10 : {5, -10}
   out_000       -0.5
   out_001       -0.5
   out_002          1
Point 11 : {5, -5}
   out_000         -1
   out_001         -1
   out_002          1
Point 12 : {5, 5}
   out_000          1
   out_001          1
   out_002          1
Point 13 : {5, 10}
   out_000        0.5
   out_001        0.5
   out_002          1
Point 14 : {10, -10}
   out_000         -1
   out_001       -0.5
   out_002          2
Point 15 : {10, -5}
   out_000         -2
   out_001         -1
   out_002          2
Point 16 : {10, 5}
   out_000          2
   out_001          1
   out_002          2
Point 17 : {10, 10}
   out_000          1
   out_001        0.5
   out_002          2
