Point 0 : {0.5}
   out_000  -0.693147
   out_001   -0.30103
   out_002   0.707107
   out_003    1.77245
Point 1 : {1}
   out_000          0
   out_001          0
   out_002          1
   out_003          1
Point 2 : {1.5}
   out_000   0.405465
   out_001   0.176091
   out_002    1.22474
   out_003   0.886227
Point 3 : {2}
   out_000   0.693147
   out_001    0.30103
   out_002    1.41421
   out_003          1
Point 4 : {2.5}
   out_000   0.916291
   out_001    0.39794
   out_002    1.58114
   out_003    1.32934
Point 5 : {3}
   out_000    1.09861
   out_001   0.477121
   out_002    1.73205
   out_003          2
Point 6 : {3.5}
   out_000    1.25276
   out_001   0.544068
   out_002    1.87083
   out_003    3.32335
Point 7 : {4}
   out_000    1.38629
   out_001    0.60206
   out_002          2
   out_003          6
Point 8 : {4.5}
   out_000    1.50408
   out_001   0.653213
   out_002    2.12132
   out_003    11.6317
Point 9 : {5}
   out_000    1.60944
   out_001    0.69897
   out_002    2.23607
   out_003         24
Point 10 : {5.5}
   out_000    1.70475
   out_001   0.740363
   out_002    2.34521
   out_003    52.3428
Point 11 : {6}
   out_000    1.79176
   out_001   0.778151
   out_002    2.44949
   out_003        120
Point 12 : {6.5}
   out_000     1.8718
   out_001   0.812913
   out_002    2.54951
   out_003    287.885
Point 13 : {7}
   out_000    1.94591
   out_001   0.845098
   out_002    2.64575
   out_003        720
Point 14 : {7.5}
   out_000     2.0149
   out_001   0.875061
   out_002    2.73861
   out_003    1871.25
Point 15 : {8}
   out_000    2.07944
   out_001    0.90309
   out_002    2.82843
   out_003       5040
Point 16 : {8.5}
   out_000    2.14007
   out_001   0.929419
   out_002    2.91548
   out_003    14034.4
Point 17 : {9}
   out_000    2.19722
   out_001   0.954243
   out_002          3
   out_003      40320
Point 18 : {9.5}
   out_000    2.25129
   out_001   0.977724
   out_002    3.08221
   out_003     119292
Point 19 : {10}
   out_000    2.30259
   out_001          1
   out_002    3.16228
   out_003     362880
