Point 0 : {-1}
   out_000          0
   out_001          0
   out_002          0
   out_003         -1
   out_004         -2
   out_005         -2
   out_006         -2
   out_007         -1
Point 1 : {0}
   out_000          1
   out_001          1
   out_002          1
   out_003          0
   out_004         -1
   out_005         -1
   out_006         -1
   out_007          0
Point 2 : {1}
   out_000          2
   out_001          2
   out_002          2
   out_003          1
   out_004          0
   out_005          0
   out_006          0
   out_007          1
