Point 0 : {-10, -10}
   out_000          1
   out_001       -0.5
   out_002         -2
   out_003      1e-10
   out_004  1.024e-07
   out_005    -100000
   out_006   -2.35619
   out_007    2.67795
   out_008   -1.10715
   out_009        -10
   out_010         -5
   out_011         10
Point 1 : {-10, -5}
   out_000          2
   out_001         -1
   out_002         -2
   out_003     -1e-05
   out_004    0.00032
   out_005    -100000
   out_006   -2.03444
   out_007    2.35619
   out_008   -1.10715
   out_009        -10
   out_010         -5
   out_011         10
Point 2 : {-10, 5}
   out_000         -2
   out_001          1
   out_002         -2
   out_003    -100000
   out_004       3125
   out_005    -100000
   out_006   -1.10715
   out_007   0.785398
   out_008   -1.10715
   out_009         10
   out_010          5
   out_011         10
Point 3 : {-10, 10}
   out_000         -1
   out_001        0.5
   out_002         -2
   out_003      1e+10
   out_004 9.76562e+06
   out_005    -100000
   out_006  -0.785398
   out_007   0.463648
   out_008   -1.10715
   out_009         10
   out_010          5
   out_011         10
Point 4 : {-5, -10}
   out_000        0.5
   out_001       -0.5
   out_002         -1
   out_003  1.024e-07
   out_004  1.024e-07
   out_005      -3125
   out_006   -2.67795
   out_007    2.67795
   out_008  -0.785398
   out_009         -5
   out_010         -5
   out_011          5
Point 5 : {-5, -5}
   out_000          1
   out_001         -1
   out_002         -1
   out_003   -0.00032
   out_004    0.00032
   out_005      -3125
   out_006   -2.35619
   out_007    2.35619
   out_008  -0.785398
   out_009         -5
   out_010         -5
   out_011          5
Point 6 : {-5, 5}
   out_000         -1
   out_001          1
   out_002         -1
   out_003      -3125
   out_004       3125
   out_005      -3125
   out_006  -0.785398
   out_007   0.785398
   out_008  -0.785398
   out_009          5
   out_010          5
   out_011          5
Point 7 : {-5, 10}
   out_000       -0.5
   out_001        0.5
   out_002         -1
   out_003 9.76562e+06
   out_004 9.76562e+06
   out_005      -3125
   out_006  -0.463648
   out_007   0.463648
   out_008  -0.785398
   out_009          5
   out_010          5
   out_011          5
Point 8 : {0, 5}
   out_000          0
   out_001          1
   out_002          0
   out_003          0
   out_004       3125
   out_005          0
   out_006          0
   out_007   0.785398
   out_008          0
   out_009          0
   out_010          5
   out_011          0
Point 9 : {0, 10}
   out_000          0
   out_001        0.5
   out_002          0
   out_003          0
   out_004 9.76562e+06
   out_005          0
   out_006          0
   out_007   0.463648
   out_008          0
   out_009          0
   out_010          5
   out_011          0
Point 10 : {5, -10}
   out_000       -0.5
   out_001       -0.5
   out_002          1
   out_003  1.024e-07
   out_004  1.024e-07
   out_005       3125
   out_006    2.67795
   out_007    2.67795
   out_008   0.785398
   out_009         -5
   out_010         -5
   out_011          5
Point 11 : {5, -5}
   out_000         -1
   out_001         -1
   out_002          1
   out_003    0.00032
   out_004    0.00032
   out_005       3125
   out_006    2.35619
   out_007    2.35619
   out_008   0.785398
   out_009         -5
   out_010         -5
   out_011          5
Point 12 : {5, 5}
   out_000          1
   out_001          1
   out_002          1
   out_003       3125
   out_004       3125
   out_005       3125
   out_006   0.785398
   out_007   0.785398
   out_008   0.785398
   out_009          5
   out_010          5
   out_011          5
Point 13 : {5, 10}
   out_000        0.5
   out_001        0.5
   out_002          1
   out_003 9.76562e+06
   out_004 9.76562e+06
   out_005       3125
   out_006   0.463648
   out_007   0.463648
   out_008   0.785398
   out_009          5
   out_010          5
   out_011          5
Point 14 : {10, -10}
   out_000         -1
   out_001       -0.5
   out_002          2
   out_003      1e-10
   out_004  1.024e-07
   out_005     100000
   out_006    2.35619
   out_007    2.67795
   out_008    1.10715
   out_009        -10
   out_010         -5
   out_011         10
Point 15 : {10, -5}
   out_000         -2
   out_001         -1
   out_002          2
   out_003      1e-05
   out_004    0.00032
   out_005     100000
   out_006    2.03444
   out_007    2.35619
   out_008    1.10715
   out_009        -10
   out_010         -5
   out_011         10
Point 16 : {10, 5}
   out_000          2
   out_001          1
   out_002          2
   out_003     100000
   out_004       3125
   out_005     100000
   out_006    1.10715
   out_007   0.785398
   out_008    1.10715
   out_009         10
   out_010          5
   out_011         10
Point 17 : {10, 10}
   out_000          1
   out_001        0.5
   out_002          2
   out_003      1e+10
   out_004 9.76562e+06
   out_005     100000
   out_006   0.785398
   out_007   0.463648
   out_008    1.10715
   out_009         10
   out_010          5
   out_011         10
