Point 0 : {-10, -10}
               in_000     in_001
   out_000          1          1
   out_001          0          1
   out_002          1          0
   out_003          1         -1
   out_004          0         -1
   out_005          1          0
   out_006        -10        -10
   out_007          0          5
   out_008          5          0
   out_009          1          0
   out_010          0          1
   out_011          1          0
   out_012          1          0
   out_013          0          0
   out_014          0          0
   out_015          0          1
   out_016          0          1
   out_017          1          0
   out_018          0          1
   out_019          0          0
   out_020          0          0
   out_021          1         -1
   out_022          0          1
   out_023          1          0
Point 1 : {-10, -5}
               in_000     in_001
   out_000          1          1
   out_001          0          1
   out_002          1          0
   out_003          1         -1
   out_004          0         -1
   out_005          1          0
   out_006         -5        -10
   out_007          0          5
   out_008          5          0
   out_009          1          0
   out_010          0          1
   out_011          1          0
   out_012          0          1
   out_013          0          0
   out_014          0          0
   out_015          1          0
   out_016          0          1
   out_017          1          0
   out_018          0          1
   out_019          0          0
   out_020          0          0
   out_021          1         -2
   out_022          0          1
   out_023          1          0
Point 2 : {-10, 0}
               in_000     in_001
   out_000          1          1
   out_001          0          1
   out_002          1          0
   out_003          1         -1
   out_004          0         -1
   out_005          1          0
   out_006          0        -10
   out_007          0          5
   out_008          5          0
   out_009          1          0
   out_010          0          1
   out_011          1          0
   out_012          0          1
   out_013          0          0
   out_014          0          0
   out_015          1          0
   out_016          0          1
   out_017          1          0
   out_018          0          1
   out_019          0          0
   out_020          0          0
   out_021          1          0
   out_022          0          0
   out_023          1          0
Point 3 : {-10, 5}
               in_000     in_001
   out_000          1          1
   out_001          0          1
   out_002          1          0
   out_003          1         -1
   out_004          0         -1
   out_005          1          0
   out_006          5        -10
   out_007          0          5
   out_008          5          0
   out_009          1          0
   out_010          0          1
   out_011          1          0
   out_012          0          1
   out_013          0          1
   out_014          0          0
   out_015          1          0
   out_016          0          1
   out_017          1          0
   out_018          0          1
   out_019          0          1
   out_020          0          0
   out_021          1          2
   out_022          0         -1
   out_023          1          0
Point 4 : {-10, 10}
               in_000     in_001
   out_000          1          1
   out_001          0          1
   out_002          1          0
   out_003          1         -1
   out_004          0         -1
   out_005          1          0
   out_006         10        -10
   out_007          0          5
   out_008          5          0
   out_009          1          0
   out_010          0          0
   out_011          1          0
   out_012          0          1
   out_013          0          1
   out_014          0          0
   out_015          1          0
   out_016          0          0
   out_017          1          0
   out_018          0          1
   out_019          0          1
   out_020          0          0
   out_021          1          1
   out_022          0         -1
   out_023          1          0
Point 5 : {-5, -10}
               in_000     in_001
   out_000          1          1
   out_001          0          1
   out_002          1          0
   out_003          1         -1
   out_004          0         -1
   out_005          1          0
   out_006        -10         -5
   out_007          0          5
   out_008          5          0
   out_009          0          1
   out_010          0          1
   out_011          1          0
   out_012          1          0
   out_013          0          0
   out_014          0          0
   out_015          0          1
   out_016          0          1
   out_017          1          0
   out_018          1          0
   out_019          0          0
   out_020          0          0
   out_021          1         -1
   out_022          0          1
   out_023          1          0
Point 6 : {-5, -5}
               in_000     in_001
   out_000          1          1
   out_001          0          1
   out_002          1          0
   out_003          1         -1
   out_004          0         -1
   out_005          1          0
   out_006         -5         -5
   out_007          0          5
   out_008          5          0
   out_009          1          0
   out_010          0          1
   out_011          1          0
   out_012          1          0
   out_013          0          0
   out_014          0          0
   out_015          0          1
   out_016          0          1
   out_017          1          0
   out_018          0          1
   out_019          0          0
   out_020          0          0
   out_021          1         -1
   out_022          0          1
   out_023          1          0
Point 7 : {-5, 0}
               in_000     in_001
   out_000          1          1
   out_001          0          1
   out_002          1          0
   out_003          1         -1
   out_004          0         -1
   out_005          1          0
   out_006          0         -5
   out_007          0          5
   out_008          5          0
   out_009          1          0
   out_010          0          1
   out_011          1          0
   out_012          0          1
   out_013          0          0
   out_014          0          0
   out_015          1          0
   out_016          0          1
   out_017          1          0
   out_018          0          1
   out_019          0          0
   out_020          0          0
   out_021          1          0
   out_022          0          0
   out_023          1          0
Point 8 : {-5, 5}
               in_000     in_001
   out_000          1          1
   out_001          0          1
   out_002          1          0
   out_003          1         -1
   out_004          0         -1
   out_005          1          0
   out_006          5         -5
   out_007          0          5
   out_008          5          0
   out_009          1          0
   out_010          0          1
   out_011          1          0
   out_012          0          1
   out_013          0          1
   out_014          0          0
   out_015          1          0
   out_016          0          1
   out_017          1          0
   out_018          0          1
   out_019          0          1
   out_020          0          0
   out_021          1          1
   out_022          0         -1
   out_023          1          0
Point 9 : {-5, 10}
               in_000     in_001
   out_000          1          1
   out_001          0          1
   out_002          1          0
   out_003          1         -1
   out_004          0         -1
   out_005          1          0
   out_006         10         -5
   out_007          0          5
   out_008          5          0
   out_009          1          0
   out_010          0          0
   out_011          1          0
   out_012          0          1
   out_013          0          1
   out_014          0          0
   out_015          1          0
   out_016          0          0
   out_017          1          0
   out_018          0          1
   out_019          0          1
   out_020          0          0
   out_021          1          1
   out_022          0         -1
   out_023          1          0
Point 10 : {0, -10}
               in_000     in_001
   out_000          1          1
   out_001          0          1
   out_002          1          0
   out_003          1         -1
   out_004          0         -1
   out_005          1          0
   out_006        -10          0
   out_007          0          5
   out_008          5          0
   out_009          0          1
   out_010          0          1
   out_011          1          0
   out_012          1          0
   out_013          0          0
   out_014          0          0
   out_015          0          1
   out_016          0          1
   out_017          1          0
   out_018          1          0
   out_019          0          0
   out_020          0          0
   out_021          1          0
   out_022          0          1
   out_023          1          0
Point 11 : {0, -5}
               in_000     in_001
   out_000          1          1
   out_001          0          1
   out_002          1          0
   out_003          1         -1
   out_004          0         -1
   out_005          1          0
   out_006         -5          0
   out_007          0          5
   out_008          5          0
   out_009          0          1
   out_010          0          1
   out_011          1          0
   out_012          1          0
   out_013          0          0
   out_014          0          0
   out_015          0          1
   out_016          0          1
   out_017          1          0
   out_018          1          0
   out_019          0          0
   out_020          0          0
   out_021          1          0
   out_022          0          1
   out_023          1          0
Point 12 : {0, 0}
               in_000     in_001
   out_000          1          1
   out_001          0          1
   out_002          1          0
   out_003          1         -1
   out_004          0         -1
   out_005          1          0
   out_006          0          0
   out_007          0          5
   out_008          5          0
   out_009          1          0
   out_010          0          1
   out_011          1          0
   out_012          1          0
   out_013          0          0
   out_014          0          0
   out_015          0          1
   out_016          0          1
   out_017          1          0
   out_018          0          1
   out_019          0          0
   out_020          0          0
   out_021          1          0
   out_022          0          0
   out_023          1          0
Point 13 : {0, 5}
               in_000     in_001
   out_000          1          1
   out_001          0          1
   out_002          1          0
   out_003          1         -1
   out_004          0         -1
   out_005          1          0
   out_006          5          0
   out_007          0          5
   out_008          5          0
   out_009          1          0
   out_010          0          1
   out_011          1          0
   out_012          0          1
   out_013          0          1
   out_014          0          0
   out_015          1          0
   out_016          0          1
   out_017          1          0
   out_018          0          1
   out_019          0          1
   out_020          0          0
   out_021          1          0
   out_022          0         -1
   out_023          1          0
Point 14 : {0, 10}
               in_000     in_001
   out_000          1          1
   out_001          0          1
   out_002          1          0
   out_003          1         -1
   out_004          0         -1
   out_005          1          0
   out_006         10          0
   out_007          0          5
   out_008          5          0
   out_009          1          0
   out_010          0          0
   out_011          1          0
   out_012          0          1
   out_013          0          1
   out_014          0          0
   out_015          1          0
   out_016          0          0
   out_017          1          0
   out_018          0          1
   out_019          0          1
   out_020          0          0
   out_021          1          0
   out_022          0         -1
   out_023          1          0
Point 15 : {5, -10}
               in_000     in_001
   out_000          1          1
   out_001          0          1
   out_002          1          0
   out_003          1         -1
   out_004          0         -1
   out_005          1          0
   out_006        -10          5
   out_007          0          5
   out_008          5          0
   out_009          0          1
   out_010          0          1
   out_011          0          0
   out_012          1          0
   out_013          0          0
   out_014          0          0
   out_015          0          1
   out_016          0          1
   out_017          0          0
   out_018          1          0
   out_019          0          0
   out_020          0          0
   out_021          1          1
   out_022          0          1
   out_023          1          0
Point 16 : {5, -5}
               in_000     in_001
   out_000          1          1
   out_001          0          1
   out_002          1          0
   out_003          1         -1
   out_004          0         -1
   out_005          1          0
   out_006         -5          5
   out_007          0          5
   out_008          5          0
   out_009          0          1
   out_010          0          1
   out_011          0          0
   out_012          1          0
   out_013          0          0
   out_014          0          0
   out_015          0          1
   out_016          0          1
   out_017          0          0
   out_018          1          0
   out_019          0          0
   out_020          0          0
   out_021          1          1
   out_022          0          1
   out_023          1          0
Point 17 : {5, 0}
               in_000     in_001
   out_000          1          1
   out_001          0          1
   out_002          1          0
   out_003          1         -1
   out_004          0         -1
   out_005          1          0
   out_006          0          5
   out_007          0          5
   out_008          5          0
   out_009          0          1
   out_010          0          1
   out_011          0          0
   out_012          1          0
   out_013          0          0
   out_014          0          0
   out_015          0          1
   out_016          0          1
   out_017          0          0
   out_018          1          0
   out_019          0          0
   out_020          0          0
   out_021          1          0
   out_022          0          0
   out_023          1          0
Point 18 : {5, 5}
               in_000     in_001
   out_000          1          1
   out_001          0          1
   out_002          1          0
   out_003          1         -1
   out_004          0         -1
   out_005          1          0
   out_006          5          5
   out_007          0          5
   out_008          5          0
   out_009          1          0
   out_010          0          1
   out_011          0          0
   out_012          1          0
   out_013          0          1
   out_014          0          0
   out_015          0          1
   out_016          0          1
   out_017          0          0
   out_018          0          1
   out_019          0          1
   out_020          0          0
   out_021          1         -1
   out_022          0         -1
   out_023          1          0
Point 19 : {5, 10}
               in_000     in_001
   out_000          1          1
   out_001          0          1
   out_002          1          0
   out_003          1         -1
   out_004          0         -1
   out_005          1          0
   out_006         10          5
   out_007          0          5
   out_008          5          0
   out_009          1          0
   out_010          0          0
   out_011          0          0
   out_012          0          1
   out_013          0          1
   out_014          0          0
   out_015          1          0
   out_016          0          0
   out_017          0          0
   out_018          0          1
   out_019          0          1
   out_020          0          0
   out_021          1         -1
   out_022          0         -1
   out_023          1          0
Point 20 : {10, -10}
               in_000     in_001
   out_000          1          1
   out_001          0          1
   out_002          1          0
   out_003          1         -1
   out_004          0         -1
   out_005          1          0
   out_006        -10         10
   out_007          0          5
   out_008          5          0
   out_009          0          1
   out_010          0          1
   out_011          0          0
   out_012          1          0
   out_013          0          0
   out_014          1          0
   out_015          0          1
   out_016          0          1
   out_017          0          0
   out_018          1          0
   out_019          0          0
   out_020          1          0
   out_021          1          1
   out_022          0          1
   out_023          1          0
Point 21 : {10, -5}
               in_000     in_001
   out_000          1          1
   out_001          0          1
   out_002          1          0
   out_003          1         -1
   out_004          0         -1
   out_005          1          0
   out_006         -5         10
   out_007          0          5
   out_008          5          0
   out_009          0          1
   out_010          0          1
   out_011          0          0
   out_012          1          0
   out_013          0          0
   out_014          1          0
   out_015          0          1
   out_016          0          1
   out_017          0          0
   out_018          1          0
   out_019          0          0
   out_020          1          0
   out_021          1          2
   out_022          0          1
   out_023          1          0
Point 22 : {10, 0}
               in_000     in_001
   out_000          1          1
   out_001          0          1
   out_002          1          0
   out_003          1         -1
   out_004          0         -1
   out_005          1          0
   out_006          0         10
   out_007          0          5
   out_008          5          0
   out_009          0          1
   out_010          0          1
   out_011          0          0
   out_012          1          0
   out_013          0          0
   out_014          1          0
   out_015          0          1
   out_016          0          1
   out_017          0          0
   out_018          1          0
   out_019          0          0
   out_020          1          0
   out_021          1          0
   out_022          0          0
   out_023          1          0
Point 23 : {10, 5}
               in_000     in_001
   out_000          1          1
   out_001          0          1
   out_002          1          0
   out_003          1         -1
   out_004          0         -1
   out_005          1          0
   out_006          5         10
   out_007          0          5
   out_008          5          0
   out_009          0          1
   out_010          0          1
   out_011          0          0
   out_012          1          0
   out_013          0          1
   out_014          1          0
   out_015          0          1
   out_016          0          1
   out_017          0          0
   out_018          1          0
   out_019          0          1
   out_020          1          0
   out_021          1         -2
   out_022          0         -1
   out_023          1          0
Point 24 : {10, 10}
               in_000     in_001
   out_000          1          1
   out_001          0          1
   out_002          1          0
   out_003          1         -1
   out_004          0         -1
   out_005          1          0
   out_006         10         10
   out_007          0          5
   out_008          5          0
   out_009          1          0
   out_010          0          0
   out_011          0          0
   out_012          1          0
   out_013          0          1
   out_014          1          0
   out_015          0          1
   out_016          0          0
   out_017          0          0
   out_018          0          1
   out_019          0          1
   out_020          1          0
   out_021          1         -1
   out_022          0         -1
   out_023          1          0
