Point 0 : {-10, -10}
0 0 -0.1
0 1 0
0 2 0.2
1 0 0.1
1 1 -0.05
1 2 0
Point 1 : {-10, -5}
0 0 -0.2
0 1 0
0 2 0.2
1 0 0.4
1 1 -0.2
1 2 0
Point 2 : {-10, 5}
0 0 0.2
0 1 0
0 2 0.2
1 0 0.4
1 1 -0.2
1 2 0
Point 3 : {-10, 10}
0 0 0.1
0 1 0
0 2 0.2
1 0 0.1
1 1 -0.05
1 2 0
Point 4 : {-5, -10}
0 0 -0.1
0 1 0
0 2 0.2
1 0 0.05
1 1 -0.05
1 2 0
Point 5 : {-5, -5}
0 0 -0.2
0 1 0
0 2 0.2
1 0 0.2
1 1 -0.2
1 2 0
Point 6 : {-5, 5}
0 0 0.2
0 1 0
0 2 0.2
1 0 0.2
1 1 -0.2
1 2 0
Point 7 : {-5, 10}
0 0 0.1
0 1 0
0 2 0.2
1 0 0.05
1 1 -0.05
1 2 0
Point 8 : {0, 5}
0 0 0.2
0 1 0
0 2 0.2
1 0 0
1 1 -0.2
1 2 0
Point 9 : {0, 10}
0 0 0.1
0 1 0
0 2 0.2
1 0 0
1 1 -0.05
1 2 0
Point 10 : {5, -10}
0 0 -0.1
0 1 0
0 2 0.2
1 0 -0.05
1 1 -0.05
1 2 0
Point 11 : {5, -5}
0 0 -0.2
0 1 0
0 2 0.2
1 0 -0.2
1 1 -0.2
1 2 0
Point 12 : {5, 5}
0 0 0.2
0 1 0
0 2 0.2
1 0 -0.2
1 1 -0.2
1 2 0
Point 13 : {5, 10}
0 0 0.1
0 1 0
0 2 0.2
1 0 -0.05
1 1 -0.05
1 2 0
Point 14 : {10, -10}
0 0 -0.1
0 1 0
0 2 0.2
1 0 -0.1
1 1 -0.05
1 2 0
Point 15 : {10, -5}
0 0 -0.2
0 1 0
0 2 0.2
1 0 -0.4
1 1 -0.2
1 2 0
Point 16 : {10, 5}
0 0 0.2
0 1 0
0 2 0.2
1 0 -0.4
1 1 -0.2
1 2 0
Point 17 : {10, 10}
0 0 0.1
0 1 0
0 2 0.2
1 0 -0.1
1 1 -0.05
1 2 0
