Point 0 : {-10, -10}
0 0 1
0 1 0
0 2 1
0 3 1
0 4 0
0 5 1
0 6 -10
0 7 0
0 8 5
1 0 1
1 1 1
1 2 0
1 3 -1
1 4 -1
1 5 0
1 6 -10
1 7 5
1 8 0
Point 1 : {-10, -5}
0 0 1
0 1 0
0 2 1
0 3 1
0 4 0
0 5 1
0 6 -5
0 7 0
0 8 5
1 0 1
1 1 1
1 2 0
1 3 -1
1 4 -1
1 5 0
1 6 -10
1 7 5
1 8 0
Point 2 : {-10, 0}
0 0 1
0 1 0
0 2 1
0 3 1
0 4 0
0 5 1
0 6 0
0 7 0
0 8 5
1 0 1
1 1 1
1 2 0
1 3 -1
1 4 -1
1 5 0
1 6 -10
1 7 5
1 8 0
Point 3 : {-10, 5}
0 0 1
0 1 0
0 2 1
0 3 1
0 4 0
0 5 1
0 6 5
0 7 0
0 8 5
1 0 1
1 1 1
1 2 0
1 3 -1
1 4 -1
1 5 0
1 6 -10
1 7 5
1 8 0
Point 4 : {-10, 10}
0 0 1
0 1 0
0 2 1
0 3 1
0 4 0
0 5 1
0 6 10
0 7 0
0 8 5
1 0 1
1 1 1
1 2 0
1 3 -1
1 4 -1
1 5 0
1 6 -10
1 7 5
1 8 0
Point 5 : {-5, -10}
0 0 1
0 1 0
0 2 1
0 3 1
0 4 0
0 5 1
0 6 -10
0 7 0
0 8 5
1 0 1
1 1 1
1 2 0
1 3 -1
1 4 -1
1 5 0
1 6 -5
1 7 5
1 8 0
Point 6 : {-5, -5}
0 0 1
0 1 0
0 2 1
0 3 1
0 4 0
0 5 1
0 6 -5
0 7 0
0 8 5
1 0 1
1 1 1
1 2 0
1 3 -1
1 4 -1
1 5 0
1 6 -5
1 7 5
1 8 0
Point 7 : {-5, 0}
0 0 1
0 1 0
0 2 1
0 3 1
0 4 0
0 5 1
0 6 0
0 7 0
0 8 5
1 0 1
1 1 1
1 2 0
1 3 -1
1 4 -1
1 5 0
1 6 -5
1 7 5
1 8 0
Point 8 : {-5, 5}
0 0 1
0 1 0
0 2 1
0 3 1
0 4 0
0 5 1
0 6 5
0 7 0
0 8 5
1 0 1
1 1 1
1 2 0
1 3 -1
1 4 -1
1 5 0
1 6 -5
1 7 5
1 8 0
Point 9 : {-5, 10}
0 0 1
0 1 0
0 2 1
0 3 1
0 4 0
0 5 1
0 6 10
0 7 0
0 8 5
1 0 1
1 1 1
1 2 0
1 3 -1
1 4 -1
1 5 0
1 6 -5
1 7 5
1 8 0
Point 10 : {0, -10}
0 0 1
0 1 0
0 2 1
0 3 1
0 4 0
0 5 1
0 6 -10
0 7 0
0 8 5
1 0 1
1 1 1
1 2 0
1 3 -1
1 4 -1
1 5 0
1 6 0
1 7 5
1 8 0
Point 11 : {0, -5}
0 0 1
0 1 0
0 2 1
0 3 1
0 4 0
0 5 1
0 6 -5
0 7 0
0 8 5
1 0 1
1 1 1
1 2 0
1 3 -1
1 4 -1
1 5 0
1 6 0
1 7 5
1 8 0
Point 12 : {0, 0}
0 0 1
0 1 0
0 2 1
0 3 1
0 4 0
0 5 1
0 6 0
0 7 0
0 8 5
1 0 1
1 1 1
1 2 0
1 3 -1
1 4 -1
1 5 0
1 6 0
1 7 5
1 8 0
Point 13 : {0, 5}
0 0 1
0 1 0
0 2 1
0 3 1
0 4 0
0 5 1
0 6 5
0 7 0
0 8 5
1 0 1
1 1 1
1 2 0
1 3 -1
1 4 -1
1 5 0
1 6 0
1 7 5
1 8 0
Point 14 : {0, 10}
0 0 1
0 1 0
0 2 1
0 3 1
0 4 0
0 5 1
0 6 10
0 7 0
0 8 5
1 0 1
1 1 1
1 2 0
1 3 -1
1 4 -1
1 5 0
1 6 0
1 7 5
1 8 0
Point 15 : {5, -10}
0 0 1
0 1 0
0 2 1
0 3 1
0 4 0
0 5 1
0 6 -10
0 7 0
0 8 5
1 0 1
1 1 1
1 2 0
1 3 -1
1 4 -1
1 5 0
1 6 5
1 7 5
1 8 0
Point 16 : {5, -5}
0 0 1
0 1 0
0 2 1
0 3 1
0 4 0
0 5 1
0 6 -5
0 7 0
0 8 5
1 0 1
1 1 1
1 2 0
1 3 -1
1 4 -1
1 5 0
1 6 5
1 7 5
1 8 0
Point 17 : {5, 0}
0 0 1
0 1 0
0 2 1
0 3 1
0 4 0
0 5 1
0 6 0
0 7 0
0 8 5
1 0 1
1 1 1
1 2 0
1 3 -1
1 4 -1
1 5 0
1 6 5
1 7 5
1 8 0
Point 18 : {5, 5}
0 0 1
0 1 0
0 2 1
0 3 1
0 4 0
0 5 1
0 6 5
0 7 0
0 8 5
1 0 1
1 1 1
1 2 0
1 3 -1
1 4 -1
1 5 0
1 6 5
1 7 5
1 8 0
Point 19 : {5, 10}
0 0 1
0 1 0
0 2 1
0 3 1
0 4 0
0 5 1
0 6 10
0 7 0
0 8 5
1 0 1
1 1 1
1 2 0
1 3 -1
1 4 -1
1 5 0
1 6 5
1 7 5
1 8 0
Point 20 : {10, -10}
0 0 1
0 1 0
0 2 1
0 3 1
0 4 0
0 5 1
0 6 -10
0 7 0
0 8 5
1 0 1
1 1 1
1 2 0
1 3 -1
1 4 -1
1 5 0
1 6 10
1 7 5
1 8 0
Point 21 : {10, -5}
0 0 1
0 1 0
0 2 1
0 3 1
0 4 0
0 5 1
0 6 -5
0 7 0
0 8 5
1 0 1
1 1 1
1 2 0
1 3 -1
1 4 -1
1 5 0
1 6 10
1 7 5
1 8 0
Point 22 : {10, 0}
0 0 1
0 1 0
0 2 1
0 3 1
0 4 0
0 5 1
0 6 0
0 7 0
0 8 5
1 0 1
1 1 1
1 2 0
1 3 -1
1 4 -1
1 5 0
1 6 10
1 7 5
1 8 0
Point 23 : {10, 5}
0 0 1
0 1 0
0 2 1
0 3 1
0 4 0
0 5 1
0 6 5
0 7 0
0 8 5
1 0 1
1 1 1
1 2 0
1 3 -1
1 4 -1
1 5 0
1 6 10
1 7 5
1 8 0
Point 24 : {10, 10}
0 0 1
0 1 0
0 2 1
0 3 1
0 4 0
0 5 1
0 6 10
0 7 0
0 8 5
1 0 1
1 1 1
1 2 0
1 3 -1
1 4 -1
1 5 0
1 6 10
1 7 5
1 8 0
