Point 0 : {5, 5}
   out_000         10
   out_001        100
   out_002          0
   out_003        100
