Point 0 : {1.000000, 2.000000}
   out_000     in_000     in_001
    in_000          0          0
    in_001          0          0

