Point 0 : {2.000000, 3.000000}
   out_000     in_000     in_001
    in_000      13122      69984
    in_001      69984     163296

