Point 0 : {-10.000000, 5.000000, -2.500000, 1.250000}
   out_000     in_000     in_001     in_002     in_003
    in_000          0          0          1          0
    in_001          0          0          0         -1
    in_002          1          0          0          0
    in_003          0         -1          0          0

   out_001     in_000     in_001     in_002     in_003
    in_000          0          0          0          1
    in_001          0          0          1          0
    in_002          0          1          0          0
    in_003          1          0          0          0

