Point 0 : {1.000000}
   out_000     in_000
    in_000          0

