Point 0 : {0.500000}
   out_000     in_000
    in_000         -4

   out_001     in_000
    in_000   -1.73718

   out_002     in_000
    in_000  -0.707107

   out_003     in_000
    in_000    15.5802

   out_004     in_000
    in_000          0

   out_005     in_000
    in_000  -0.444444

   out_006     in_000
    in_000   -5.77078

Point 1 : {1.000000}
   out_000     in_000
    in_000         -1

   out_001     in_000
    in_000  -0.434294

   out_002     in_000
    in_000      -0.25

   out_003     in_000
    in_000    1.97811

   out_004     in_000
    in_000          0

   out_005     in_000
    in_000      -0.25

   out_006     in_000
    in_000    -1.4427

Point 2 : {1.500000}
   out_000     in_000
    in_000  -0.444444

   out_001     in_000
    in_000   -0.19302

   out_002     in_000
    in_000  -0.136083

   out_003     in_000
    in_000   0.829627

   out_004     in_000
    in_000   -1.07331

   out_005     in_000
    in_000      -0.16

   out_006     in_000
    in_000  -0.641198

Point 3 : {2.000000}
   out_000     in_000
    in_000      -0.25

   out_001     in_000
    in_000  -0.108574

   out_002     in_000
    in_000 -0.0883883

   out_003     in_000
    in_000   0.823681

   out_004     in_000
    in_000    -0.3849

   out_005     in_000
    in_000  -0.111111

   out_006     in_000
    in_000  -0.360674

Point 4 : {2.500000}
   out_000     in_000
    in_000      -0.16

   out_001     in_000
    in_000 -0.0694871

   out_002     in_000
    in_000 -0.0632456

   out_003     in_000
    in_000    1.30912

   out_004     in_000
    in_000  -0.207827

   out_005     in_000
    in_000 -0.0816327

   out_006     in_000
    in_000  -0.230831

Point 5 : {3.000000}
   out_000     in_000
    in_000  -0.111111

   out_001     in_000
    in_000 -0.0482549

   out_002     in_000
    in_000 -0.0481125

   out_003     in_000
    in_000    2.49293

   out_004     in_000
    in_000  -0.132583

   out_005     in_000
    in_000    -0.0625

   out_006     in_000
    in_000  -0.160299

Point 6 : {3.500000}
   out_000     in_000
    in_000 -0.0816327

   out_001     in_000
    in_000 -0.0354526

   out_002     in_000
    in_000 -0.0381802

   out_003     in_000
    in_000    5.14226

   out_004     in_000
    in_000 -0.0927554

   out_005     in_000
    in_000 -0.0493827

   out_006     in_000
    in_000  -0.117771

Point 7 : {4.000000}
   out_000     in_000
    in_000    -0.0625

   out_001     in_000
    in_000 -0.0271434

   out_002     in_000
    in_000   -0.03125

   out_003     in_000
    in_000    11.1699

   out_004     in_000
    in_000  -0.068853

   out_005     in_000
    in_000      -0.04

   out_006     in_000
    in_000 -0.0901684

Point 8 : {4.500000}
   out_000     in_000
    in_000 -0.0493827

   out_001     in_000
    in_000 -0.0214466

   out_002     in_000
    in_000 -0.0261891

   out_003     in_000
    in_000    25.3303

   out_004     in_000
    in_000 -0.0532803

   out_005     in_000
    in_000 -0.0330579

   out_006     in_000
    in_000 -0.0712442

Point 9 : {5.000000}
   out_000     in_000
    in_000      -0.04

   out_001     in_000
    in_000 -0.0173718

   out_002     in_000
    in_000 -0.0223607

   out_003     in_000
    in_000    59.7531

   out_004     in_000
    in_000 -0.0425259

   out_005     in_000
    in_000 -0.0277778

   out_006     in_000
    in_000 -0.0577078

Point 10 : {5.500000}
   out_000     in_000
    in_000 -0.0330579

   out_001     in_000
    in_000 -0.0143568

   out_002     in_000
    in_000 -0.0193819

   out_003     in_000
    in_000    146.296

   out_004     in_000
    in_000 -0.0347675

   out_005     in_000
    in_000 -0.0236686

   out_006     in_000
    in_000 -0.0476924

Point 11 : {6.000000}
   out_000     in_000
    in_000 -0.0277778

   out_001     in_000
    in_000 -0.0120637

   out_002     in_000
    in_000 -0.0170103

   out_003     in_000
    in_000    371.059

   out_004     in_000
    in_000 -0.0289767

   out_005     in_000
    in_000 -0.0204082

   out_006     in_000
    in_000 -0.0400749

Point 12 : {6.500000}
   out_000     in_000
    in_000 -0.0236686

   out_001     in_000
    in_000 -0.0102792

   out_002     in_000
    in_000 -0.0150859

   out_003     in_000
    in_000    973.287

   out_004     in_000
    in_000 -0.0245345

   out_005     in_000
    in_000 -0.0177778

   out_006     in_000
    in_000 -0.0341466

Point 13 : {7.000000}
   out_000     in_000
    in_000 -0.0204082

   out_001     in_000
    in_000 -0.00886315

   out_002     in_000
    in_000 -0.0134987

   out_003     in_000
    in_000    2635.82

   out_004     in_000
    in_000 -0.0210492

   out_005     in_000
    in_000  -0.015625

   out_006     in_000
    in_000 -0.0294428

Point 14 : {7.500000}
   out_000     in_000
    in_000 -0.0177778

   out_001     in_000
    in_000 -0.00772079

   out_002     in_000
    in_000 -0.0121716

   out_003     in_000
    in_000    7358.67

   out_004     in_000
    in_000 -0.0182626

   out_005     in_000
    in_000 -0.0138408

   out_006     in_000
    in_000 -0.0256479

Point 15 : {8.000000}
   out_000     in_000
    in_000  -0.015625

   out_001     in_000
    in_000 -0.00678585

   out_002     in_000
    in_000 -0.0110485

   out_003     in_000
    in_000    21147.6

   out_004     in_000
    in_000 -0.0159985

   out_005     in_000
    in_000 -0.0123457

   out_006     in_000
    in_000 -0.0225421

Point 16 : {8.500000}
   out_000     in_000
    in_000 -0.0138408

   out_001     in_000
    in_000  -0.006011

   out_002     in_000
    in_000 -0.0100882

   out_003     in_000
    in_000    62475.8

   out_004     in_000
    in_000 -0.0141332

   out_005     in_000
    in_000 -0.0110803

   out_006     in_000
    in_000 -0.0199681

Point 17 : {9.000000}
   out_000     in_000
    in_000 -0.0123457

   out_001     in_000
    in_000 -0.00536166

   out_002     in_000
    in_000 -0.00925926

   out_003     in_000
    in_000     189498

   out_004     in_000
    in_000 -0.0125779

   out_005     in_000
    in_000      -0.01

   out_006     in_000
    in_000  -0.017811

Point 18 : {9.500000}
   out_000     in_000
    in_000 -0.0110803

   out_001     in_000
    in_000 -0.00481213

   out_002     in_000
    in_000 -0.00853797

   out_003     in_000
    in_000     589430

   out_004     in_000
    in_000 -0.0112671

   out_005     in_000
    in_000 -0.00907029

   out_006     in_000
    in_000 -0.0159855

Point 19 : {10.000000}
   out_000     in_000
    in_000      -0.01

   out_001     in_000
    in_000 -0.00434294

   out_002     in_000
    in_000 -0.00790569

   out_003     in_000
    in_000 1.87811e+06

   out_004     in_000
    in_000 -0.0101519

   out_005     in_000
    in_000 -0.00826446

   out_006     in_000
    in_000  -0.014427

