Point 0 : {1.000000, 2.000000}
   out_000     in_000     in_001
    in_000          0          1
    in_001          1          0

   out_001     in_000     in_001
    in_000          0          1
    in_001          1          0

