Point 0 : {0.000000, 0.000000}
   out_000     in_000     in_001
    in_000          0          0
    in_001          0          0

   out_001     in_000     in_001
    in_000          0          0
    in_001          0          0

   out_002     in_000     in_001
    in_000          0          0
    in_001          0          0

   out_003     in_000     in_001
    in_000          0          0
    in_001          0          0

   out_004     in_000     in_001
    in_000          0          0
    in_001          0          0

   out_005     in_000     in_001
    in_000          0          0
    in_001          0          0

   out_006     in_000     in_001
    in_000          0          0
    in_001          0          0

   out_007     in_000     in_001
    in_000          0          0
    in_001          0          0

   out_008     in_000     in_001
    in_000          0          0
    in_001          0          0

   out_009     in_000     in_001
    in_000          0          0
    in_001          0          0

   out_010     in_000     in_001
    in_000          0          0
    in_001          0        0.2

   out_011     in_000     in_001
    in_000        0.2          0
    in_001          0          0

Point 1 : {1.000000, 0.000000}
   out_000     in_000     in_001
    in_000          0          0
    in_001          0          0

   out_001     in_000     in_001
    in_000          0          0
    in_001          0          0

   out_002     in_000     in_001
    in_000          0          0
    in_001          0          0

   out_003     in_000     in_001
    in_000          0          1
    in_001          1          0

   out_004     in_000     in_001
    in_000          0          0
    in_001          0          0

   out_005     in_000     in_001
    in_000 -0.0147929          0
    in_001          0          0

   out_006     in_000     in_001
    in_000          0          0
    in_001          0          0

   out_007     in_000     in_001
    in_000          0          0
    in_001          0          0

   out_008     in_000     in_001
    in_000          0          0
    in_001          0          0

   out_009     in_000     in_001
    in_000          0          0
    in_001          0          1

   out_010     in_000     in_001
    in_000          0          0
    in_001          0        0.2

   out_011     in_000     in_001
    in_000   0.188573          0
    in_001          0          0

Point 2 : {0.000000, -5.000000}
   out_000     in_000     in_001
    in_000          0      -0.04
    in_001      -0.04          0

   out_001     in_000     in_001
    in_000          0          0
    in_001          0      -0.08

   out_002     in_000     in_001
    in_000          0          0
    in_001          0          0

   out_003     in_000     in_001
    in_000          0      -0.04
    in_001      -0.04          0

   out_004     in_000     in_001
    in_000          0          0
    in_001          0      -0.02

   out_005     in_000     in_001
    in_000          0          0
    in_001          0          0

   out_006     in_000     in_001
    in_000          0          0
    in_001          0          0

   out_007     in_000     in_001
    in_000          0          0
    in_001          0          0

   out_008     in_000     in_001
    in_000          0          0
    in_001          0          0

   out_009     in_000     in_001
    in_000        0.2          0
    in_001          0          0

   out_010     in_000     in_001
    in_000          0          0
    in_001          0  0.0707107

   out_011     in_000     in_001
    in_000        0.2          0
    in_001          0          0

Point 3 : {-1.000000, 0.500000}
   out_000     in_000     in_001
    in_000          0         -4
    in_001         -4        -16

   out_001     in_000     in_001
    in_000          0          0
    in_001          0         80

   out_002     in_000     in_001
    in_000          0          0
    in_001          0          0

   out_003     in_000     in_001
    in_000       0.64       0.48
    in_001       0.48      -0.64

   out_004     in_000     in_001
    in_000          0          0
    in_001          0 0.00784237

   out_005     in_000     in_001
    in_000  0.0147929          0
    in_001          0          0

   out_006     in_000     in_001
    in_000          0          0
    in_001          0          0

   out_007     in_000     in_001
    in_000          0          0
    in_001          0          0

   out_008     in_000     in_001
    in_000          0          0
    in_001          0          0

   out_009     in_000     in_001
    in_000   0.178885   0.357771
    in_001   0.357771   0.715542

   out_010     in_000     in_001
    in_000          0          0
    in_001          0   0.197037

   out_011     in_000     in_001
    in_000   0.188573          0
    in_001          0          0

