Point 0 : {-10.000000, -10.000000}
   out_000     in_000     in_001
    in_000          0      -0.01
    in_001      -0.01       0.02

   out_001     in_000     in_001
    in_000          0          0
    in_001          0      -0.01

   out_002     in_000     in_001
    in_000          0          0
    in_001          0          0

   out_003     in_000     in_001
    in_000     -0.005          0
    in_001          0      0.005

   out_004     in_000     in_001
    in_000          0          0
    in_001          0    -0.0064

   out_005     in_000     in_001
    in_000     0.0064          0
    in_001          0          0

   out_006     in_000     in_001
    in_000          0          0
    in_001          0          0

   out_007     in_000     in_001
    in_000          0          0
    in_001          0          0

   out_008     in_000     in_001
    in_000          0          0
    in_001          0          0

   out_009     in_000     in_001
    in_000  0.0353553 -0.0353553
    in_001 -0.0353553  0.0353553

   out_010     in_000     in_001
    in_000          0          0
    in_001          0  0.0178885

   out_011     in_000     in_001
    in_000  0.0178885          0
    in_001          0          0

Point 1 : {-10.000000, -5.000000}
   out_000     in_000     in_001
    in_000          0      -0.04
    in_001      -0.04       0.16

   out_001     in_000     in_001
    in_000          0          0
    in_001          0      -0.08

   out_002     in_000     in_001
    in_000          0          0
    in_001          0          0

   out_003     in_000     in_001
    in_000    -0.0064     0.0048
    in_001     0.0048     0.0064

   out_004     in_000     in_001
    in_000          0          0
    in_001          0      -0.02

   out_005     in_000     in_001
    in_000     0.0064          0
    in_001          0          0

   out_006     in_000     in_001
    in_000          0          0
    in_001          0          0

   out_007     in_000     in_001
    in_000          0          0
    in_001          0          0

   out_008     in_000     in_001
    in_000          0          0
    in_001          0          0

   out_009     in_000     in_001
    in_000  0.0178885 -0.0357771
    in_001 -0.0357771  0.0715542

   out_010     in_000     in_001
    in_000          0          0
    in_001          0  0.0707107

   out_011     in_000     in_001
    in_000  0.0178885          0
    in_001          0          0

Point 2 : {-10.000000, 5.000000}
   out_000     in_000     in_001
    in_000          0      -0.04
    in_001      -0.04      -0.16

   out_001     in_000     in_001
    in_000          0          0
    in_001          0       0.08

   out_002     in_000     in_001
    in_000          0          0
    in_001          0          0

   out_003     in_000     in_001
    in_000     0.0064     0.0048
    in_001     0.0048    -0.0064

   out_004     in_000     in_001
    in_000          0          0
    in_001          0       0.02

   out_005     in_000     in_001
    in_000     0.0064          0
    in_001          0          0

   out_006     in_000     in_001
    in_000          0          0
    in_001          0          0

   out_007     in_000     in_001
    in_000          0          0
    in_001          0          0

   out_008     in_000     in_001
    in_000          0          0
    in_001          0          0

   out_009     in_000     in_001
    in_000  0.0178885  0.0357771
    in_001  0.0357771  0.0715542

   out_010     in_000     in_001
    in_000          0          0
    in_001          0  0.0707107

   out_011     in_000     in_001
    in_000  0.0178885          0
    in_001          0          0

Point 3 : {-10.000000, 10.000000}
   out_000     in_000     in_001
    in_000          0      -0.01
    in_001      -0.01      -0.02

   out_001     in_000     in_001
    in_000          0          0
    in_001          0       0.01

   out_002     in_000     in_001
    in_000          0          0
    in_001          0          0

   out_003     in_000     in_001
    in_000      0.005          0
    in_001          0     -0.005

   out_004     in_000     in_001
    in_000          0          0
    in_001          0     0.0064

   out_005     in_000     in_001
    in_000     0.0064          0
    in_001          0          0

   out_006     in_000     in_001
    in_000          0          0
    in_001          0          0

   out_007     in_000     in_001
    in_000          0          0
    in_001          0          0

   out_008     in_000     in_001
    in_000          0          0
    in_001          0          0

   out_009     in_000     in_001
    in_000  0.0353553  0.0353553
    in_001  0.0353553  0.0353553

   out_010     in_000     in_001
    in_000          0          0
    in_001          0  0.0178885

   out_011     in_000     in_001
    in_000  0.0178885          0
    in_001          0          0

Point 4 : {-5.000000, -10.000000}
   out_000     in_000     in_001
    in_000          0      -0.01
    in_001      -0.01       0.01

   out_001     in_000     in_001
    in_000          0          0
    in_001          0      -0.01

   out_002     in_000     in_001
    in_000          0          0
    in_001          0          0

   out_003     in_000     in_001
    in_000    -0.0064    -0.0048
    in_001    -0.0048     0.0064

   out_004     in_000     in_001
    in_000          0          0
    in_001          0    -0.0064

   out_005     in_000     in_001
    in_000       0.02          0
    in_001          0          0

   out_006     in_000     in_001
    in_000          0          0
    in_001          0          0

   out_007     in_000     in_001
    in_000          0          0
    in_001          0          0

   out_008     in_000     in_001
    in_000          0          0
    in_001          0          0

   out_009     in_000     in_001
    in_000  0.0715542 -0.0357771
    in_001 -0.0357771  0.0178885

   out_010     in_000     in_001
    in_000          0          0
    in_001          0  0.0178885

   out_011     in_000     in_001
    in_000  0.0707107          0
    in_001          0          0

Point 5 : {-5.000000, -5.000000}
   out_000     in_000     in_001
    in_000          0      -0.04
    in_001      -0.04       0.08

   out_001     in_000     in_001
    in_000          0          0
    in_001          0      -0.08

   out_002     in_000     in_001
    in_000          0          0
    in_001          0          0

   out_003     in_000     in_001
    in_000      -0.02          0
    in_001          0       0.02

   out_004     in_000     in_001
    in_000          0          0
    in_001          0      -0.02

   out_005     in_000     in_001
    in_000       0.02          0
    in_001          0          0

   out_006     in_000     in_001
    in_000          0          0
    in_001          0          0

   out_007     in_000     in_001
    in_000          0          0
    in_001          0          0

   out_008     in_000     in_001
    in_000          0          0
    in_001          0          0

   out_009     in_000     in_001
    in_000  0.0707107 -0.0707107
    in_001 -0.0707107  0.0707107

   out_010     in_000     in_001
    in_000          0          0
    in_001          0  0.0707107

   out_011     in_000     in_001
    in_000  0.0707107          0
    in_001          0          0

Point 6 : {-5.000000, 5.000000}
   out_000     in_000     in_001
    in_000          0      -0.04
    in_001      -0.04      -0.08

   out_001     in_000     in_001
    in_000          0          0
    in_001          0       0.08

   out_002     in_000     in_001
    in_000          0          0
    in_001          0          0

   out_003     in_000     in_001
    in_000       0.02          0
    in_001          0      -0.02

   out_004     in_000     in_001
    in_000          0          0
    in_001          0       0.02

   out_005     in_000     in_001
    in_000       0.02          0
    in_001          0          0

   out_006     in_000     in_001
    in_000          0          0
    in_001          0          0

   out_007     in_000     in_001
    in_000          0          0
    in_001          0          0

   out_008     in_000     in_001
    in_000          0          0
    in_001          0          0

   out_009     in_000     in_001
    in_000  0.0707107  0.0707107
    in_001  0.0707107  0.0707107

   out_010     in_000     in_001
    in_000          0          0
    in_001          0  0.0707107

   out_011     in_000     in_001
    in_000  0.0707107          0
    in_001          0          0

Point 7 : {-5.000000, 10.000000}
   out_000     in_000     in_001
    in_000          0      -0.01
    in_001      -0.01      -0.01

   out_001     in_000     in_001
    in_000          0          0
    in_001          0       0.01

   out_002     in_000     in_001
    in_000          0          0
    in_001          0          0

   out_003     in_000     in_001
    in_000     0.0064    -0.0048
    in_001    -0.0048    -0.0064

   out_004     in_000     in_001
    in_000          0          0
    in_001          0     0.0064

   out_005     in_000     in_001
    in_000       0.02          0
    in_001          0          0

   out_006     in_000     in_001
    in_000          0          0
    in_001          0          0

   out_007     in_000     in_001
    in_000          0          0
    in_001          0          0

   out_008     in_000     in_001
    in_000          0          0
    in_001          0          0

   out_009     in_000     in_001
    in_000  0.0715542  0.0357771
    in_001  0.0357771  0.0178885

   out_010     in_000     in_001
    in_000          0          0
    in_001          0  0.0178885

   out_011     in_000     in_001
    in_000  0.0707107          0
    in_001          0          0

Point 8 : {0.000000, 5.000000}
   out_000     in_000     in_001
    in_000          0      -0.04
    in_001      -0.04          0

   out_001     in_000     in_001
    in_000          0          0
    in_001          0       0.08

   out_002     in_000     in_001
    in_000          0          0
    in_001          0          0

   out_003     in_000     in_001
    in_000          0      -0.04
    in_001      -0.04          0

   out_004     in_000     in_001
    in_000          0          0
    in_001          0       0.02

   out_005     in_000     in_001
    in_000          0          0
    in_001          0          0

   out_006     in_000     in_001
    in_000          0          0
    in_001          0          0

   out_007     in_000     in_001
    in_000          0          0
    in_001          0          0

   out_008     in_000     in_001
    in_000          0          0
    in_001          0          0

   out_009     in_000     in_001
    in_000        0.2          0
    in_001          0          0

   out_010     in_000     in_001
    in_000          0          0
    in_001          0  0.0707107

   out_011     in_000     in_001
    in_000        0.2          0
    in_001          0          0

Point 9 : {0.000000, 10.000000}
   out_000     in_000     in_001
    in_000          0      -0.01
    in_001      -0.01          0

   out_001     in_000     in_001
    in_000          0          0
    in_001          0       0.01

   out_002     in_000     in_001
    in_000          0          0
    in_001          0          0

   out_003     in_000     in_001
    in_000          0      -0.01
    in_001      -0.01          0

   out_004     in_000     in_001
    in_000          0          0
    in_001          0     0.0064

   out_005     in_000     in_001
    in_000          0          0
    in_001          0          0

   out_006     in_000     in_001
    in_000          0          0
    in_001          0          0

   out_007     in_000     in_001
    in_000          0          0
    in_001          0          0

   out_008     in_000     in_001
    in_000          0          0
    in_001          0          0

   out_009     in_000     in_001
    in_000        0.1          0
    in_001          0          0

   out_010     in_000     in_001
    in_000          0          0
    in_001          0  0.0178885

   out_011     in_000     in_001
    in_000        0.2          0
    in_001          0          0

Point 10 : {5.000000, -10.000000}
   out_000     in_000     in_001
    in_000          0      -0.01
    in_001      -0.01      -0.01

   out_001     in_000     in_001
    in_000          0          0
    in_001          0      -0.01

   out_002     in_000     in_001
    in_000          0          0
    in_001          0          0

   out_003     in_000     in_001
    in_000     0.0064    -0.0048
    in_001    -0.0048    -0.0064

   out_004     in_000     in_001
    in_000          0          0
    in_001          0    -0.0064

   out_005     in_000     in_001
    in_000      -0.02          0
    in_001          0          0

   out_006     in_000     in_001
    in_000          0          0
    in_001          0          0

   out_007     in_000     in_001
    in_000          0          0
    in_001          0          0

   out_008     in_000     in_001
    in_000          0          0
    in_001          0          0

   out_009     in_000     in_001
    in_000  0.0715542  0.0357771
    in_001  0.0357771  0.0178885

   out_010     in_000     in_001
    in_000          0          0
    in_001          0  0.0178885

   out_011     in_000     in_001
    in_000  0.0707107          0
    in_001          0          0

Point 11 : {5.000000, -5.000000}
   out_000     in_000     in_001
    in_000          0      -0.04
    in_001      -0.04      -0.08

   out_001     in_000     in_001
    in_000          0          0
    in_001          0      -0.08

   out_002     in_000     in_001
    in_000          0          0
    in_001          0          0

   out_003     in_000     in_001
    in_000       0.02          0
    in_001          0      -0.02

   out_004     in_000     in_001
    in_000          0          0
    in_001          0      -0.02

   out_005     in_000     in_001
    in_000      -0.02          0
    in_001          0          0

   out_006     in_000     in_001
    in_000          0          0
    in_001          0          0

   out_007     in_000     in_001
    in_000          0          0
    in_001          0          0

   out_008     in_000     in_001
    in_000          0          0
    in_001          0          0

   out_009     in_000     in_001
    in_000  0.0707107  0.0707107
    in_001  0.0707107  0.0707107

   out_010     in_000     in_001
    in_000          0          0
    in_001          0  0.0707107

   out_011     in_000     in_001
    in_000  0.0707107          0
    in_001          0          0

Point 12 : {5.000000, 5.000000}
   out_000     in_000     in_001
    in_000          0      -0.04
    in_001      -0.04       0.08

   out_001     in_000     in_001
    in_000          0          0
    in_001          0       0.08

   out_002     in_000     in_001
    in_000          0          0
    in_001          0          0

   out_003     in_000     in_001
    in_000      -0.02          0
    in_001          0       0.02

   out_004     in_000     in_001
    in_000          0          0
    in_001          0       0.02

   out_005     in_000     in_001
    in_000      -0.02          0
    in_001          0          0

   out_006     in_000     in_001
    in_000          0          0
    in_001          0          0

   out_007     in_000     in_001
    in_000          0          0
    in_001          0          0

   out_008     in_000     in_001
    in_000          0          0
    in_001          0          0

   out_009     in_000     in_001
    in_000  0.0707107 -0.0707107
    in_001 -0.0707107  0.0707107

   out_010     in_000     in_001
    in_000          0          0
    in_001          0  0.0707107

   out_011     in_000     in_001
    in_000  0.0707107          0
    in_001          0          0

Point 13 : {5.000000, 10.000000}
   out_000     in_000     in_001
    in_000          0      -0.01
    in_001      -0.01       0.01

   out_001     in_000     in_001
    in_000          0          0
    in_001          0       0.01

   out_002     in_000     in_001
    in_000          0          0
    in_001          0          0

   out_003     in_000     in_001
    in_000    -0.0064    -0.0048
    in_001    -0.0048     0.0064

   out_004     in_000     in_001
    in_000          0          0
    in_001          0     0.0064

   out_005     in_000     in_001
    in_000      -0.02          0
    in_001          0          0

   out_006     in_000     in_001
    in_000          0          0
    in_001          0          0

   out_007     in_000     in_001
    in_000          0          0
    in_001          0          0

   out_008     in_000     in_001
    in_000          0          0
    in_001          0          0

   out_009     in_000     in_001
    in_000  0.0715542 -0.0357771
    in_001 -0.0357771  0.0178885

   out_010     in_000     in_001
    in_000          0          0
    in_001          0  0.0178885

   out_011     in_000     in_001
    in_000  0.0707107          0
    in_001          0          0

Point 14 : {10.000000, -10.000000}
   out_000     in_000     in_001
    in_000          0      -0.01
    in_001      -0.01      -0.02

   out_001     in_000     in_001
    in_000          0          0
    in_001          0      -0.01

   out_002     in_000     in_001
    in_000          0          0
    in_001          0          0

   out_003     in_000     in_001
    in_000      0.005          0
    in_001          0     -0.005

   out_004     in_000     in_001
    in_000          0          0
    in_001          0    -0.0064

   out_005     in_000     in_001
    in_000    -0.0064          0
    in_001          0          0

   out_006     in_000     in_001
    in_000          0          0
    in_001          0          0

   out_007     in_000     in_001
    in_000          0          0
    in_001          0          0

   out_008     in_000     in_001
    in_000          0          0
    in_001          0          0

   out_009     in_000     in_001
    in_000  0.0353553  0.0353553
    in_001  0.0353553  0.0353553

   out_010     in_000     in_001
    in_000          0          0
    in_001          0  0.0178885

   out_011     in_000     in_001
    in_000  0.0178885          0
    in_001          0          0

Point 15 : {10.000000, -5.000000}
   out_000     in_000     in_001
    in_000          0      -0.04
    in_001      -0.04      -0.16

   out_001     in_000     in_001
    in_000          0          0
    in_001          0      -0.08

   out_002     in_000     in_001
    in_000          0          0
    in_001          0          0

   out_003     in_000     in_001
    in_000     0.0064     0.0048
    in_001     0.0048    -0.0064

   out_004     in_000     in_001
    in_000          0          0
    in_001          0      -0.02

   out_005     in_000     in_001
    in_000    -0.0064          0
    in_001          0          0

   out_006     in_000     in_001
    in_000          0          0
    in_001          0          0

   out_007     in_000     in_001
    in_000          0          0
    in_001          0          0

   out_008     in_000     in_001
    in_000          0          0
    in_001          0          0

   out_009     in_000     in_001
    in_000  0.0178885  0.0357771
    in_001  0.0357771  0.0715542

   out_010     in_000     in_001
    in_000          0          0
    in_001          0  0.0707107

   out_011     in_000     in_001
    in_000  0.0178885          0
    in_001          0          0

Point 16 : {10.000000, 5.000000}
   out_000     in_000     in_001
    in_000          0      -0.04
    in_001      -0.04       0.16

   out_001     in_000     in_001
    in_000          0          0
    in_001          0       0.08

   out_002     in_000     in_001
    in_000          0          0
    in_001          0          0

   out_003     in_000     in_001
    in_000    -0.0064     0.0048
    in_001     0.0048     0.0064

   out_004     in_000     in_001
    in_000          0          0
    in_001          0       0.02

   out_005     in_000     in_001
    in_000    -0.0064          0
    in_001          0          0

   out_006     in_000     in_001
    in_000          0          0
    in_001          0          0

   out_007     in_000     in_001
    in_000          0          0
    in_001          0          0

   out_008     in_000     in_001
    in_000          0          0
    in_001          0          0

   out_009     in_000     in_001
    in_000  0.0178885 -0.0357771
    in_001 -0.0357771  0.0715542

   out_010     in_000     in_001
    in_000          0          0
    in_001          0  0.0707107

   out_011     in_000     in_001
    in_000  0.0178885          0
    in_001          0          0

Point 17 : {10.000000, 10.000000}
   out_000     in_000     in_001
    in_000          0      -0.01
    in_001      -0.01       0.02

   out_001     in_000     in_001
    in_000          0          0
    in_001          0       0.01

   out_002     in_000     in_001
    in_000          0          0
    in_001          0          0

   out_003     in_000     in_001
    in_000     -0.005          0
    in_001          0      0.005

   out_004     in_000     in_001
    in_000          0          0
    in_001          0     0.0064

   out_005     in_000     in_001
    in_000    -0.0064          0
    in_001          0          0

   out_006     in_000     in_001
    in_000          0          0
    in_001          0          0

   out_007     in_000     in_001
    in_000          0          0
    in_001          0          0

   out_008     in_000     in_001
    in_000          0          0
    in_001          0          0

   out_009     in_000     in_001
    in_000  0.0353553 -0.0353553
    in_001 -0.0353553  0.0353553

   out_010     in_000     in_001
    in_000          0          0
    in_001          0  0.0178885

   out_011     in_000     in_001
    in_000  0.0178885          0
    in_001          0          0

